// Jest Snapshot v1, https://goo.gl/fbAQLP

exports[`ContextMenu renders ContextMenu component 1`] = `
<div
  class="flex flex-col bg-gradient-to-tr border border-gray-300 rounded-md shadow-md absolute z-10 h-100 min-w-100 w-200 context-menu"
  style="top: 0px; left: 0px;"
>
  <div
    class="font-bold border-gray-50  p-5"
  >
    Move to
  </div>
  <div
    class="border-b-2 border-gray-50 hover:bg-amber-200 hover:cursor-pointer py-2 p-5 context-menu-item"
  >
    Pre-flight
  </div>
  <div
    class="border-b-2 border-gray-50 hover:bg-amber-200 hover:cursor-pointer py-2 p-5 context-menu-item"
  >
    In-Flight
  </div>
  <div
    class="border-b-2 border-gray-50 hover:bg-amber-200 hover:cursor-pointer py-2 p-5 context-menu-item"
  >
    Post-Flight
  </div>
</div>
`;
