// Jest Snapshot v1, https://goo.gl/fbAQLP

exports[`ContextMenuProvider renders ContextMenuProvider component 1`] = `
<div>
  <div
    class="dummy-child"
    data-testid="child"
  />
</div>
`;
