// Jest Snapshot v1, https://goo.gl/fbAQLP

exports[`MissionControlCardContainer renders MissionControlCardContainer component 1`] = `
<div
  class="bg-gray-100 text-black font-bold mb-12 rounded sticky"
>
  Pre-flight
</div>
`;
