// Jest Snapshot v1, https://goo.gl/fbAQLP

exports[`CreateMissionControlForm renders CreateMissionControlForm component 1`] = `
<form>
  <div
    class="mb-4"
  >
    <label
      class="block text-gray-700 font-semibold mb-2"
      for="title"
    >
      Title:
    </label>
    <input
      class="mission-title w-full border border-gray-300 rounded-md px-3 py-2 focus:outline-none focus:border-blue-500"
      id="title"
      name="title"
      type="text"
    />
    <p
      class="text-red-500"
    />
  </div>
  <div
    class="mb-4"
  >
    <label
      class="block text-gray-700 font-semibold mb-2"
      for="description"
    >
      Description:
    </label>
    <textarea
      class="mission-description w-full border border-gray-300 rounded-md px-3 py-2 focus:outline-none focus:border-blue-500"
      id="description"
      name="description"
    />
    <p
      class="text-red-500"
    />
  </div>
  <div
    class="flex justify-end"
  >
    <button
      class="cancel-create mr-2 px-4 py-2 bg-gray-300 hover:bg-gray-400 text-gray-800 font-semibold rounded-md focus:outline-none focus:bg-gray-400"
      type="button"
    >
      Cancel
    </button>
    <button
      class="submit-create-mission px-4 py-2 bg-blue-800 hover:bg-blue-600 text-white font-semibold rounded-md focus:outline-none focus:bg-blue-600"
      type="submit"
    >
      Create
    </button>
  </div>
</form>
`;
