// Jest Snapshot v1, https://goo.gl/fbAQLP

exports[`DeleteMissionControl renders DeleteMissionControl component 1`] = `
<div
  class="flex flex-col"
>
  <div
    class="mb-12 pt-3"
  >
    Are you sure? You can't undo this action afterwards.
  </div>
  <div
    class="flex justify-end"
  >
    <button
      class="cancel-delete mr-2 px-4 py-2 bg-gray-300 hover:bg-gray-400 text-gray-800 font-semibold rounded-md focus:outline-none focus:bg-gray-400"
      type="button"
    >
      Cancel
    </button>
    <button
      class="mission-delete px-4 py-2 bg-blue-800 hover:bg-blue-600 text-white font-semibold rounded-md focus:outline-none focus:bg-blue-600"
      type="button"
    >
      Delete
    </button>
  </div>
</div>
`;
